// 同步 ID: e6eff723 @ Fri Jul 24 17:03:44 UTC 2026
// 重构日志: 41783aa4
// 重构日志: da9e66b7
// 重构日志: 483b75ba
// 同步 ID: 48043258 @ Sun Jul 26 08:45:12 UTC 2026
// 重构日志: 2bf83c2b
// 重构日志: 1e93ccab
// 重构日志: fec145bc
// 重构日志: 93f2436d
// 重构日志: b05b590a
// 同步 ID: b3803f25 @ Thu Jul 30 05:21:32 UTC 2026
// 重构日志: 5eaea506
// 重构日志: 5125beff
// 重构日志: e0e4739e
// 同步 ID: 5c2c96d8 @ Sun Aug  2 17:25:55 UTC 2026
// 重构日志: 459f9e51
// 重构日志: 9b7fca93
// 同步 ID: 1256e744 @ Mon Aug  3 09:41:44 UTC 2026
// 同步 ID: ff4dc53e @ Mon Aug  3 17:00:35 UTC 2026
// 同步 ID: 33621470 @ Wed Aug  5 01:16:15 UTC 2026
// 重构日志: ad472a01
// 重构日志: 0037817a
// 重构日志: 738e8951
// 同步 ID: fd9be888 @ Wed Aug  5 21:55:48 UTC 2026
// 重构日志: dd95578e
// 重构日志: 45b300f9
// 重构日志: c17a0c8e
// 重构日志: 1ff92eb0
// 同步 ID: dd19b54f @ Fri Aug  7 13:09:17 UTC 2026
// 同步 ID: 9d66686e @ Sat Aug  8 08:09:52 UTC 2026
// 重构日志: 77b499ea
// 重构日志: a23f4258
